#-----------------------------------------------------------
# Vivado v2020.1 (64-bit)
# SW Build 2902540 on Wed May 27 19:54:35 MDT 2020
# IP Build 2902112 on Wed May 27 22:43:36 MDT 2020
# Start of session at: Tue Nov 15 22:03:05 2022
# Process ID: 96806
# Current directory: /home/sergo/cms-phase2-muon-trigger/projects/dnn_emtf_displayed
# Command line: vivado
# Log file: /home/sergo/cms-phase2-muon-trigger/projects/dnn_emtf_displayed/vivado.log
# Journal file: /home/sergo/cms-phase2-muon-trigger/projects/dnn_emtf_displayed/vivado.jou
#-----------------------------------------------------------
start_gui
open_project /home/sergo/cms-phase2-muon-trigger/projects/dnn_emtf_displayed/top/top.xpr
launch_simulation
open_wave_config /home/sergo/cms-phase2-muon-trigger/projects/dnn_emtf_displayed/top/top_tb_behav.wcfg
source top_tb.tcl
add_bp {/home/sergo/cms-phase2-muon-trigger/projects/dnn_emtf_displayed/top/top.srcs/sim_1/new/emtfnn_tb.vhd} 173
add_bp {/home/sergo/cms-phase2-muon-trigger/projects/dnn_emtf_displayed/top/top.srcs/sim_1/new/emtfnn_tb.vhd} 170
add_bp {/home/sergo/cms-phase2-muon-trigger/projects/dnn_emtf_displayed/top/top.srcs/sim_1/new/emtfnn_tb.vhd} 137
add_bp {/home/sergo/cms-phase2-muon-trigger/projects/dnn_emtf_displayed/top/top.srcs/sim_1/new/emtfnn_tb.vhd} 138
add_bp {/home/sergo/cms-phase2-muon-trigger/projects/dnn_emtf_displayed/top/top.srcs/sim_1/new/emtfnn_tb.vhd} 140
add_bp {/home/sergo/cms-phase2-muon-trigger/projects/dnn_emtf_displayed/top/top.srcs/sim_1/new/emtfnn_tb.vhd} 141
remove_bps -file {/home/sergo/cms-phase2-muon-trigger/projects/dnn_emtf_displayed/top/top.srcs/sim_1/new/emtfnn_tb.vhd} -line 136
remove_bps -file {/home/sergo/cms-phase2-muon-trigger/projects/dnn_emtf_displayed/top/top.srcs/sim_1/new/emtfnn_tb.vhd} -line 137
remove_bps -file {/home/sergo/cms-phase2-muon-trigger/projects/dnn_emtf_displayed/top/top.srcs/sim_1/new/emtfnn_tb.vhd} -line 138
remove_bps -file {/home/sergo/cms-phase2-muon-trigger/projects/dnn_emtf_displayed/top/top.srcs/sim_1/new/emtfnn_tb.vhd} -line 140
remove_bps -file {/home/sergo/cms-phase2-muon-trigger/projects/dnn_emtf_displayed/top/top.srcs/sim_1/new/emtfnn_tb.vhd} -line 141
remove_bps -file {/home/sergo/cms-phase2-muon-trigger/projects/dnn_emtf_displayed/top/top.srcs/sim_1/new/emtfnn_tb.vhd} -line 170
remove_bps -file {/home/sergo/cms-phase2-muon-trigger/projects/dnn_emtf_displayed/top/top.srcs/sim_1/new/emtfnn_tb.vhd} -line 173
relaunch_sim
relaunch_sim
relaunch_sim
relaunch_sim
relaunch_sim
relaunch_sim
relaunch_sim
relaunch_sim
relaunch_sim
relaunch_sim
relaunch_sim
launch_simulation -mode post-synthesis -type functional
open_wave_config /home/sergo/cms-phase2-muon-trigger/projects/dnn_emtf_displayed/top/top_tb_behav.wcfg
source top_tb.tcl
current_sim simulation_1
close_sim
launch_simulation
open_wave_config /home/sergo/cms-phase2-muon-trigger/projects/dnn_emtf_displayed/top/top_tb_behav.wcfg
source top_tb.tcl
relaunch_sim
relaunch_sim
relaunch_sim
relaunch_sim
relaunch_sim
relaunch_sim
relaunch_sim
close_sim
close_sim
