Copyright 1986-2020 Xilinx, Inc. All Rights Reserved.
-------------------------------------------------------------------------------------------------------------------------------------------------------------
| Tool Version     : Vivado v.2020.1 (lin64) Build 2902540 Wed May 27 19:54:35 MDT 2020
| Date             : Fri Jun 18 09:57:48 2021
| Host             : correlator2.fnal.gov running 64-bit Scientific Linux release 7.9 (Nitrogen)
| Command          : report_power -file mtf7_core_top_power_routed.rpt -pb mtf7_core_top_power_summary_routed.pb -rpx mtf7_core_top_power_routed.rpx
| Design           : mtf7_core_top
| Device           : xc7vx690tffg1927-2
| Design State     : routed
| Grade            : commercial
| Process          : typical
| Characterization : Production
-------------------------------------------------------------------------------------------------------------------------------------------------------------

Power Report

Table of Contents
-----------------
1. Summary
1.1 On-Chip Components
1.2 Power Supply Summary
1.3 Confidence Level
2. Settings
2.1 Environment
2.2 Clock Constraints
3. Detailed Reports
3.1 By Hierarchy

1. Summary
----------

+--------------------------+--------------+
| Total On-Chip Power (W)  | 2.449        |
| Design Power Budget (W)  | Unspecified* |
| Power Budget Margin (W)  | NA           |
| Dynamic (W)              | 2.103        |
| Device Static (W)        | 0.346        |
| Effective TJA (C/W)      | 0.8          |
| Max Ambient (C)          | 82.9         |
| Junction Temperature (C) | 27.1         |
| Confidence Level         | Low          |
| Setting File             | ---          |
| Simulation Activity File | ---          |
| Design Nets Matched      | NA           |
+--------------------------+--------------+
* Specify Design Power Budget using, set_operating_conditions -design_power_budget <value in Watts>


1.1 On-Chip Components
----------------------

+-------------------------+-----------+----------+-----------+-----------------+
| On-Chip                 | Power (W) | Used     | Available | Utilization (%) |
+-------------------------+-----------+----------+-----------+-----------------+
| Clocks                  |     0.114 |       13 |       --- |             --- |
| Slice Logic             |     0.287 |    40525 |       --- |             --- |
|   LUT as Logic          |     0.251 |    17271 |    433200 |            3.99 |
|   CARRY4                |     0.027 |     4261 |    108300 |            3.93 |
|   Register              |     0.008 |     9760 |    866400 |            1.13 |
|   LUT as Shift Register |    <0.001 |       27 |    174200 |            0.02 |
|   Others                |     0.000 |      265 |       --- |             --- |
| Signals                 |     0.312 |    50694 |       --- |             --- |
| Block RAM               |     0.382 |     83.5 |      1470 |            5.68 |
| MMCM                    |     0.340 |        3 |        20 |           15.00 |
| DSPs                    |     0.663 |      879 |      3600 |           24.42 |
| I/O                     |     0.006 |       33 |       600 |            5.50 |
| Static Power            |     0.346 |          |           |                 |
| Total                   |     2.449 |          |           |                 |
+-------------------------+-----------+----------+-----------+-----------------+


1.2 Power Supply Summary
------------------------

+-----------+-------------+-----------+-------------+------------+-------------+-------------+------------+
| Source    | Voltage (V) | Total (A) | Dynamic (A) | Static (A) | Powerup (A) | Budget (A)  | Margin (A) |
+-----------+-------------+-----------+-------------+------------+-------------+-------------+------------+
| Vccint    |       1.000 |     1.944 |       1.739 |      0.205 |       NA    | Unspecified | NA         |
| Vccaux    |       1.800 |     0.240 |       0.187 |      0.053 |       NA    | Unspecified | NA         |
| Vcco33    |       3.300 |     0.000 |       0.000 |      0.000 |       NA    | Unspecified | NA         |
| Vcco25    |       2.500 |     0.000 |       0.000 |      0.000 |       NA    | Unspecified | NA         |
| Vcco18    |       1.800 |     0.000 |       0.000 |      0.000 |       NA    | Unspecified | NA         |
| Vcco15    |       1.500 |     0.000 |       0.000 |      0.000 |       NA    | Unspecified | NA         |
| Vcco135   |       1.350 |     0.000 |       0.000 |      0.000 |       NA    | Unspecified | NA         |
| Vcco12    |       1.200 |     0.003 |       0.002 |      0.001 |       NA    | Unspecified | NA         |
| Vccaux_io |       1.800 |     0.000 |       0.000 |      0.000 |       NA    | Unspecified | NA         |
| Vccbram   |       1.000 |     0.034 |       0.026 |      0.008 |       NA    | Unspecified | NA         |
| MGTAVcc   |       1.000 |     0.000 |       0.000 |      0.000 |       NA    | Unspecified | NA         |
| MGTAVtt   |       1.200 |     0.000 |       0.000 |      0.000 |       NA    | Unspecified | NA         |
| MGTVccaux |       1.800 |     0.000 |       0.000 |      0.000 |       NA    | Unspecified | NA         |
| MGTZVccl  |       1.075 |     0.000 |       0.000 |      0.000 |       NA    | Unspecified | NA         |
| MGTZAVcc  |       1.075 |     0.000 |       0.000 |      0.000 |       NA    | Unspecified | NA         |
| MGTZVcch  |       1.800 |     0.000 |       0.000 |      0.000 |       NA    | Unspecified | NA         |
| Vccadc    |       1.800 |     0.020 |       0.000 |      0.020 |       NA    | Unspecified | NA         |
+-----------+-------------+-----------+-------------+------------+-------------+-------------+------------+


1.3 Confidence Level
--------------------

+-----------------------------+------------+--------------------------------------------------------+------------------------------------------------------------------------------------------------------------+
| User Input Data             | Confidence | Details                                                | Action                                                                                                     |
+-----------------------------+------------+--------------------------------------------------------+------------------------------------------------------------------------------------------------------------+
| Design implementation state | High       | Design is routed                                       |                                                                                                            |
| Clock nodes activity        | High       | User specified more than 95% of clocks                 |                                                                                                            |
| I/O nodes activity          | Low        | More than 75% of inputs are missing user specification | Provide missing input activity with simulation results or by editing the "By Resource Type -> I/Os" view   |
| Internal nodes activity     | Medium     | User specified less than 25% of internal nodes         | Provide missing internal nodes activity with simulation results or by editing the "By Resource Type" views |
| Device models               | High       | Device models are Production                           |                                                                                                            |
|                             |            |                                                        |                                                                                                            |
| Overall confidence level    | Low        |                                                        |                                                                                                            |
+-----------------------------+------------+--------------------------------------------------------+------------------------------------------------------------------------------------------------------------+


2. Settings
-----------

2.1 Environment
---------------

+-----------------------+--------------------------+
| Ambient Temp (C)      | 25.0                     |
| ThetaJA (C/W)         | 0.8                      |
| Airflow (LFM)         | 250                      |
| Heat Sink             | medium (Medium Profile)  |
| ThetaSA (C/W)         | 1.2                      |
| Board Selection       | medium (10"x10")         |
| # of Board Layers     | 12to15 (12 to 15 Layers) |
| Board Temperature (C) | 25.0                     |
+-----------------------+--------------------------+


2.2 Clock Constraints
---------------------

+-----------------------+-----------------------------------------------+-----------------+
| Clock                 | Domain                                        | Constraint (ns) |
+-----------------------+-----------------------------------------------+-----------------+
| CLK_OUT4_usrclk_mmcm  | usrclk_mmcm_/inst/CLK_OUT4_usrclk_mmcm        |             8.4 |
| clk40_in_p            | clk40_in_p                                    |            24.0 |
| clk_125M_ctoc_mmcm    | ctoc/ctoc_mmcm_out/inst/clk_125M_ctoc_mmcm    |             8.0 |
| clk_125M_ctoc_mmcm_in | ctoc/ctoc_mmcm_in_/inst/clk_125M_ctoc_mmcm_in |             8.0 |
| clk_625M_ctoc_mmcm    | ctoc/ctoc_mmcm_out/inst/clk_625M_ctoc_mmcm    |             1.6 |
| clk_625M_ctoc_mmcm_in | ctoc/ctoc_mmcm_in_/inst/clk_625M_ctoc_mmcm_in |             1.6 |
| clkfbout_ctoc_mmcm    | ctoc/ctoc_mmcm_out/inst/clkfbout_ctoc_mmcm    |             8.0 |
| clkfbout_ctoc_mmcm_in | ctoc/ctoc_mmcm_in_/inst/clkfbout_ctoc_mmcm_in |             8.0 |
| clkfbout_usrclk_mmcm  | usrclk_mmcm_/inst/clkfbout_usrclk_mmcm        |            24.0 |
| ext_clk_in            | ext_clk_in                                    |             8.0 |
| pcie_clk              | pcie_clk                                      |             8.0 |
+-----------------------+-----------------------------------------------+-----------------+


3. Detailed Reports
-------------------

3.1 By Hierarchy
----------------

+--------------------------------------------------------------------------+-----------+
| Name                                                                     | Power (W) |
+--------------------------------------------------------------------------+-----------+
| mtf7_core_top                                                            |     2.103 |
|   cp                                                                     |     0.002 |
|   crb                                                                    |     0.005 |
|   ctoc                                                                   |     0.282 |
|     ctoc_ififo_                                                          |     0.007 |
|       U0                                                                 |     0.007 |
|     ctoc_mmcm_in_                                                        |     0.123 |
|       inst                                                               |     0.123 |
|     ctoc_mmcm_out                                                        |     0.123 |
|       inst                                                               |     0.123 |
|   imem                                                                   |     0.389 |
|     im64_0                                                               |     0.379 |
|       U0                                                                 |     0.379 |
|   my_test_algo                                                           |     1.321 |
|     my_11_2_lut                                                          |     0.001 |
|       U0                                                                 |     0.001 |
|     my_11_9_lut                                                          |     0.001 |
|       U0                                                                 |     0.001 |
|     my_hls_label                                                         |     1.309 |
|       grp_dense_latency_0_0_0_0_0_0_0_0_0_0_0_0_0_0_0_0_0_0_0_0_0_fu_278 |     0.236 |
|       grp_dense_latency_0_0_0_0_0_0_0_0_0_0_0_0_0_0_0_0_fu_305           |     0.585 |
|       grp_dense_latency_0_0_0_0_0_0_0_0_0_0_0_fu_329                     |     0.298 |
|       grp_dense_latency_ap_fixed_ap_fixed_config15_0_0_0_fu_395          |     0.041 |
|       grp_tanh_ap_fixed_ap_fixed_24_11_5_3_0_tanh_config10_s_fu_374      |     0.014 |
|       grp_tanh_ap_fixed_ap_fixed_24_11_5_3_0_tanh_config14_s_fu_409      |     0.008 |
|       grp_tanh_ap_fixed_ap_fixed_24_11_5_3_0_tanh_config6_s_fu_348       |     0.024 |
|   usrclk_mmcm_                                                           |     0.098 |
|     inst                                                                 |     0.098 |
+--------------------------------------------------------------------------+-----------+


