Copyright 1986-2019 Xilinx, Inc. All Rights Reserved.
---------------------------------------------------------------------------------------------
| Tool Version : Vivado v.2019.1 (lin64) Build 2552052 Fri May 24 14:47:09 MDT 2019
| Date         : Tue May 25 23:48:21 2021
| Host         : correlator2.fnal.gov running 64-bit Scientific Linux release 7.9 (Nitrogen)
| Command      : report_control_sets -verbose -file mtf7_core_top_control_sets_placed.rpt
| Design       : mtf7_core_top
| Device       : xc7vx690t
---------------------------------------------------------------------------------------------

Control Set Information

Table of Contents
-----------------
1. Summary
2. Histogram
3. Flip-Flop Distribution
4. Detailed Control Set Information

1. Summary
----------

+----------------------------------------------------------+-------+
|                          Status                          | Count |
+----------------------------------------------------------+-------+
| Total control sets                                       |    76 |
|    Minimum number of control sets                        |    76 |
|    Addition due to synthesis replication                 |     0 |
|    Addition due to physical synthesis replication        |     0 |
| Unused register locations in slices containing registers |   354 |
+----------------------------------------------------------+-------+
* Control sets can be merged at opt_design using control_set_merge or merge_equivalent_drivers
** Run report_qor_suggestions for automated merging and remapping suggestions


2. Histogram
------------

+--------------------+-------+
|       Fanout       | Count |
+--------------------+-------+
| Total control sets |    76 |
| >= 0 to < 4        |     3 |
| >= 4 to < 6        |     3 |
| >= 6 to < 8        |     2 |
| >= 8 to < 10       |     5 |
| >= 10 to < 12      |    48 |
| >= 12 to < 14      |     0 |
| >= 14 to < 16      |     3 |
| >= 16              |    12 |
+--------------------+-------+
* Control sets can be remapped at either synth_design or opt_design


3. Flip-Flop Distribution
-------------------------

+--------------+-----------------------+------------------------+-----------------+--------------+
| Clock Enable | Synchronous Set/Reset | Asynchronous Set/Reset | Total Registers | Total Slices |
+--------------+-----------------------+------------------------+-----------------+--------------+
| No           | No                    | No                     |            3612 |          961 |
| No           | No                    | Yes                    |               3 |            2 |
| No           | Yes                   | No                     |             634 |          261 |
| Yes          | No                    | No                     |             133 |           73 |
| Yes          | No                    | Yes                    |               0 |            0 |
| Yes          | Yes                   | No                     |             240 |          113 |
+--------------+-----------------------+------------------------+-----------------+--------------+


4. Detailed Control Set Information
-----------------------------------

+-----------------------------------+-----------------------------------------------------------------------------------------------------------------------------+-------------------------------------------------------------------------------------+------------------+----------------+
|            Clock Signal           |                                                        Enable Signal                                                        |                                   Set/Reset Signal                                  | Slice Load Count | Bel Load Count |
+-----------------------------------+-----------------------------------------------------------------------------------------------------------------------------+-------------------------------------------------------------------------------------+------------------+----------------+
|  ctoc/ctoc_mmcm_in_/inst/clk_125M |                                                                                                                             | ctoc/ctoc_ififo_/U0/inst_fifo_gen/gconvfifo.rf/gbi.bi/g7ser_birst.rstbt/wr_rst_reg2 |                1 |              1 |
|  ctoc/ctoc_mmcm_out/inst/clk_125M |                                                                                                                             |                                                                                     |                1 |              2 |
|  ctoc/ctoc_mmcm_in_/inst/clk_125M |                                                                                                                             | ctoc/phase_done_n                                                                   |                1 |              2 |
|  usrclk_mmcm_/inst/CLK_OUT4       | my_test_algo/data_source_gen[0].reset_count[3]_i_1_n_0                                                                      |                                                                                     |                1 |              4 |
|  usrclk_mmcm_/inst/CLK_OUT4       | my_test_algo/data_source_gen[0].bram_address[3]_i_2_n_0                                                                     | my_test_algo/data_source_gen[0].bram_address[3]_i_1_n_0                             |                1 |              4 |
|  ctoc/ctoc_mmcm_in_/inst/clk_125M | ctoc/FSM_onehot_bs_st[3]_i_1_n_0                                                                                            |                                                                                     |                2 |              4 |
|  pcie_clk_buf                     |                                                                                                                             | cp/reset                                                                            |                3 |              6 |
|  pcie_clk_buf                     | m_aresetn_IBUF                                                                                                              |                                                                                     |                5 |              7 |
|  pcie_clk_buf                     | imem/xfer_cnt[7]_i_1__0_n_0                                                                                                 |                                                                                     |                3 |              8 |
|  usrclk_mmcm_/inst/CLK_OUT4       | my_test_algo/data_source_gen[0].count[7]_i_1_n_0                                                                            |                                                                                     |                3 |              8 |
|  pcie_clk_buf                     | ctoc/data_out[7]_i_1_n_0                                                                                                    | ctoc/data_out[63]_i_1_n_0                                                           |                5 |              8 |
|  pcie_clk_buf                     | cp/xfer_cnt[7]_i_1_n_0                                                                                                      |                                                                                     |                3 |              8 |
|  pcie_clk_buf                     |                                                                                                                             | ctoc/m_axi\\.awaddr[31]_i_1_n_0                                                     |                7 |              9 |
|  usrclk_mmcm_/inst/CLK_OUT4       |                                                                                                                             | my_test_algo/my_hls_label/grp_tanh_fu_191/icmp_ln322_28_fu_1223_p2                  |                3 |             10 |
|  usrclk_mmcm_/inst/CLK_OUT4       |                                                                                                                             | my_test_algo/my_hls_label/grp_tanh_2_fu_217/icmp_ln322_2_fu_739_p2                  |                3 |             10 |
|  usrclk_mmcm_/inst/CLK_OUT4       |                                                                                                                             | my_test_algo/my_hls_label/grp_tanh_fu_191/icmp_ln322_27_fu_1095_p2                  |                4 |             10 |
|  usrclk_mmcm_/inst/CLK_OUT4       |                                                                                                                             | my_test_algo/my_hls_label/grp_tanh_fu_191/icmp_ln322_26_fu_967_p2                   |                4 |             10 |
|  usrclk_mmcm_/inst/CLK_OUT4       |                                                                                                                             | my_test_algo/my_hls_label/grp_tanh_fu_191/icmp_ln322_25_fu_839_p2                   |                3 |             10 |
|  usrclk_mmcm_/inst/CLK_OUT4       |                                                                                                                             | my_test_algo/my_hls_label/grp_tanh_fu_191/icmp_ln322_24_fu_711_p2                   |                4 |             10 |
|  usrclk_mmcm_/inst/CLK_OUT4       |                                                                                                                             | my_test_algo/my_hls_label/grp_tanh_2_fu_217/icmp_ln322_fu_483_p2                    |                3 |             10 |
|  usrclk_mmcm_/inst/CLK_OUT4       |                                                                                                                             | my_test_algo/my_hls_label/grp_tanh_2_fu_217/icmp_ln322_9_fu_1635_p2                 |                3 |             10 |
|  usrclk_mmcm_/inst/CLK_OUT4       |                                                                                                                             | my_test_algo/my_hls_label/grp_tanh_2_fu_217/icmp_ln322_8_fu_1507_p2                 |                2 |             10 |
|  usrclk_mmcm_/inst/CLK_OUT4       |                                                                                                                             | my_test_algo/my_hls_label/grp_tanh_2_fu_217/icmp_ln322_7_fu_1379_p2                 |                3 |             10 |
|  usrclk_mmcm_/inst/CLK_OUT4       |                                                                                                                             | my_test_algo/my_hls_label/grp_tanh_2_fu_217/icmp_ln322_6_fu_1251_p2                 |                3 |             10 |
|  usrclk_mmcm_/inst/CLK_OUT4       |                                                                                                                             | my_test_algo/my_hls_label/grp_tanh_2_fu_217/icmp_ln322_5_fu_1123_p2                 |                3 |             10 |
|  usrclk_mmcm_/inst/CLK_OUT4       |                                                                                                                             | my_test_algo/my_hls_label/grp_tanh_2_fu_217/icmp_ln322_4_fu_995_p2                  |                3 |             10 |
|  usrclk_mmcm_/inst/CLK_OUT4       |                                                                                                                             | my_test_algo/my_hls_label/grp_tanh_2_fu_217/icmp_ln322_3_fu_867_p2                  |                4 |             10 |
|  usrclk_mmcm_/inst/CLK_OUT4       |                                                                                                                             | my_test_algo/my_hls_label/grp_tanh_2_fu_217/icmp_ln322_14_fu_2275_p2                |                3 |             10 |
|  usrclk_mmcm_/inst/CLK_OUT4       |                                                                                                                             | my_test_algo/my_hls_label/grp_tanh_fu_191/icmp_ln322_29_fu_1351_p2                  |                5 |             10 |
|  usrclk_mmcm_/inst/CLK_OUT4       |                                                                                                                             | my_test_algo/my_hls_label/grp_tanh_fu_191/icmp_ln322_30_fu_1479_p2                  |                3 |             10 |
|  usrclk_mmcm_/inst/CLK_OUT4       |                                                                                                                             | my_test_algo/my_hls_label/grp_tanh_fu_191/icmp_ln322_31_fu_1607_p2                  |                3 |             10 |
|  usrclk_mmcm_/inst/CLK_OUT4       |                                                                                                                             | my_test_algo/my_hls_label/grp_tanh_fu_191/icmp_ln322_32_fu_1735_p2                  |                4 |             10 |
|  usrclk_mmcm_/inst/CLK_OUT4       |                                                                                                                             | my_test_algo/my_hls_label/grp_tanh_fu_191/icmp_ln322_33_fu_1863_p2                  |                4 |             10 |
|  usrclk_mmcm_/inst/CLK_OUT4       |                                                                                                                             | my_test_algo/my_hls_label/grp_tanh_fu_191/icmp_ln322_34_fu_1991_p2                  |                3 |             10 |
|  usrclk_mmcm_/inst/CLK_OUT4       |                                                                                                                             | my_test_algo/my_hls_label/grp_tanh_fu_191/icmp_ln322_35_fu_2119_p2                  |                3 |             10 |
|  usrclk_mmcm_/inst/CLK_OUT4       |                                                                                                                             | my_test_algo/my_hls_label/grp_tanh_fu_191/icmp_ln322_36_fu_2247_p2                  |                4 |             10 |
|  usrclk_mmcm_/inst/CLK_OUT4       |                                                                                                                             | my_test_algo/my_hls_label/grp_tanh_fu_191/icmp_ln322_37_fu_2375_p2                  |                3 |             10 |
|  usrclk_mmcm_/inst/CLK_OUT4       |                                                                                                                             | my_test_algo/my_hls_label/grp_tanh_fu_191/icmp_ln322_38_fu_2503_p2                  |                3 |             10 |
|  usrclk_mmcm_/inst/CLK_OUT4       |                                                                                                                             | my_test_algo/my_hls_label/grp_tanh_fu_191/icmp_ln322_39_fu_2631_p2                  |                4 |             10 |
|  usrclk_mmcm_/inst/CLK_OUT4       |                                                                                                                             | my_test_algo/my_hls_label/grp_tanh_fu_191/icmp_ln322_40_fu_2759_p2                  |                4 |             10 |
|  usrclk_mmcm_/inst/CLK_OUT4       |                                                                                                                             | my_test_algo/my_hls_label/grp_tanh_fu_191/icmp_ln322_41_fu_2887_p2                  |                3 |             10 |
|  usrclk_mmcm_/inst/CLK_OUT4       |                                                                                                                             | my_test_algo/my_hls_label/grp_tanh_fu_191/icmp_ln322_42_fu_3015_p2                  |                4 |             10 |
|  usrclk_mmcm_/inst/CLK_OUT4       |                                                                                                                             | my_test_algo/my_hls_label/grp_tanh_fu_191/icmp_ln322_fu_583_p2                      |                3 |             10 |
|  usrclk_mmcm_/inst/CLK_OUT4       |                                                                                                                             | my_test_algo/my_hls_label/grp_tanh_2_fu_217/icmp_ln322_13_fu_2147_p2                |                3 |             10 |
|  ctoc/ctoc_mmcm_in_/inst/clk_125M | ctoc/phdone_to                                                                                                              | ctoc/bs_bits0                                                                       |                4 |             10 |
|  ctoc/ctoc_mmcm_in_/inst/clk_125M | ctoc/psen1                                                                                                                  | ctoc/clear                                                                          |                3 |             10 |
|  usrclk_mmcm_/inst/CLK_OUT4       |                                                                                                                             | my_test_algo/my_hls_label/grp_tanh_2_fu_217/icmp_ln322_1_fu_611_p2                  |                4 |             10 |
|  usrclk_mmcm_/inst/CLK_OUT4       |                                                                                                                             | imem/clear                                                                          |                2 |             10 |
|  usrclk_mmcm_/inst/CLK_OUT4       |                                                                                                                             | my_test_algo/my_hls_label/grp_tanh_1_fu_238/icmp_ln322_15_fu_511_p2                 |                3 |             10 |
|  usrclk_mmcm_/inst/CLK_OUT4       |                                                                                                                             | my_test_algo/my_hls_label/grp_tanh_1_fu_238/icmp_ln322_16_fu_639_p2                 |                4 |             10 |
|  usrclk_mmcm_/inst/CLK_OUT4       |                                                                                                                             | my_test_algo/my_hls_label/grp_tanh_1_fu_238/icmp_ln322_17_fu_767_p2                 |                3 |             10 |
|  usrclk_mmcm_/inst/CLK_OUT4       |                                                                                                                             | my_test_algo/my_hls_label/grp_tanh_1_fu_238/icmp_ln322_18_fu_895_p2                 |                3 |             10 |
|  usrclk_mmcm_/inst/CLK_OUT4       |                                                                                                                             | my_test_algo/my_hls_label/grp_tanh_1_fu_238/icmp_ln322_19_fu_1023_p2                |                3 |             10 |
|  usrclk_mmcm_/inst/CLK_OUT4       |                                                                                                                             | my_test_algo/my_hls_label/grp_tanh_1_fu_238/icmp_ln322_21_fu_1279_p2                |                3 |             10 |
|  usrclk_mmcm_/inst/CLK_OUT4       |                                                                                                                             | my_test_algo/my_hls_label/grp_tanh_1_fu_238/icmp_ln322_22_fu_1407_p2                |                3 |             10 |
|  usrclk_mmcm_/inst/CLK_OUT4       |                                                                                                                             | my_test_algo/my_hls_label/grp_tanh_1_fu_238/icmp_ln322_23_fu_1535_p2                |                3 |             10 |
|  usrclk_mmcm_/inst/CLK_OUT4       |                                                                                                                             | my_test_algo/my_hls_label/grp_tanh_1_fu_238/icmp_ln322_fu_383_p2                    |                4 |             10 |
|  usrclk_mmcm_/inst/CLK_OUT4       |                                                                                                                             | my_test_algo/my_hls_label/grp_tanh_2_fu_217/icmp_ln322_10_fu_1763_p2                |                3 |             10 |
|  usrclk_mmcm_/inst/CLK_OUT4       |                                                                                                                             | my_test_algo/my_hls_label/grp_tanh_2_fu_217/icmp_ln322_11_fu_1891_p2                |                4 |             10 |
|  usrclk_mmcm_/inst/CLK_OUT4       |                                                                                                                             | my_test_algo/my_hls_label/grp_tanh_1_fu_238/icmp_ln322_20_fu_1151_p2                |                4 |             10 |
|  usrclk_mmcm_/inst/CLK_OUT4       |                                                                                                                             | my_test_algo/my_hls_label/grp_tanh_2_fu_217/icmp_ln322_12_fu_2019_p2                |                3 |             10 |
|  ctoc/ctoc_mmcm_in_/inst/clk_125M |                                                                                                                             | ctoc/bitslip[13]_i_1_n_0                                                            |               12 |             14 |
|  pcie_clk_buf                     | cp/addr_cnt[14]_i_1_n_0                                                                                                     |                                                                                     |                4 |             15 |
|  pcie_clk_buf                     | imem/addr_cnt[14]_i_1__0_n_0                                                                                                |                                                                                     |                6 |             15 |
|  pcie_clk_buf                     | ctoc/sel                                                                                                                    | ctoc/m_axi\\.awaddr[31]_i_1_n_0                                                     |                4 |             16 |
|  usrclk_mmcm_/inst/CLK_OUT4       |                                                                                                                             | my_test_algo/reset                                                                  |               14 |             17 |
|  pcie_clk_buf                     | ctoc/ctoc_ififo_/U0/inst_fifo_gen/gconvfifo.rf/gbi.bi/v7_bi_fifo.fblk/gextw[1].gnll_fifo.inst_extd/gonep.inst_prim/dout[68] | ctoc/m_axi\\.awaddr[31]_i_1_n_0                                                     |               11 |             32 |
|  pcie_clk_buf                     | ctoc/ctoc_ififo_/U0/inst_fifo_gen/gconvfifo.rf/gbi.bi/v7_bi_fifo.fblk/gextw[1].gnll_fifo.inst_extd/gonep.inst_prim/dout[65] | ctoc/m_axi\\.awaddr[31]_i_1_n_0                                                     |               11 |             40 |
|  ctoc/ctoc_mmcm_in_/inst/clk_125M |                                                                                                                             |                                                                                     |               22 |             52 |
|  pcie_clk_buf                     | ctoc/data_out[63]_i_2_n_0                                                                                                   | ctoc/data_out[63]_i_1_n_0                                                           |               35 |             56 |
|  pcie_clk_buf                     |                                                                                                                             | cp/s_axo\\.rdata[63]_i_1_n_0                                                        |               38 |             64 |
|  pcie_clk_buf                     | cp/E[0]                                                                                                                     |                                                                                     |               46 |             64 |
|  pcie_clk_buf                     | ctoc/ctoc_ififo_/U0/inst_fifo_gen/gconvfifo.rf/gbi.bi/v7_bi_fifo.fblk/gextw[1].gnll_fifo.inst_extd/gonep.inst_prim/dout[66] | ctoc/m_axi\\.awaddr[31]_i_1_n_0                                                     |               39 |             64 |
|  pcie_clk_buf                     |                                                                                                                             | cp/SR[0]                                                                            |               34 |             64 |
|  pcie_clk_buf                     |                                                                                                                             |                                                                                     |               43 |             85 |
|  usrclk_mmcm_/inst/CLK_OUT4       |                                                                                                                             |                                                                                     |              895 |           3511 |
+-----------------------------------+-----------------------------------------------------------------------------------------------------------------------------+-------------------------------------------------------------------------------------+------------------+----------------+


