#-----------------------------------------------------------
# Webtalk v2020.1 (64-bit)
# SW Build 2902540 on Wed May 27 19:54:35 MDT 2020
# IP Build 2902112 on Wed May 27 22:43:36 MDT 2020
# Start of session at: Wed Nov 16 10:14:25 2022
# Process ID: 68924
# Current directory: /home/sergo/cms-phase2-muon-trigger/projects/dnn_emtf_displayed/top/top.sim/sim_1/synth/func/xsim
# Command line: wbtcv -mode batch -source /home/sergo/cms-phase2-muon-trigger/projects/dnn_emtf_displayed/top/top.sim/sim_1/synth/func/xsim/xsim.dir/top_tb_func_synth/webtalk/xsim_webtalk.tcl -notrace
# Log file: /home/sergo/cms-phase2-muon-trigger/projects/dnn_emtf_displayed/top/top.sim/sim_1/synth/func/xsim/webtalk.log
# Journal file: /home/sergo/cms-phase2-muon-trigger/projects/dnn_emtf_displayed/top/top.sim/sim_1/synth/func/xsim/webtalk.jou
#-----------------------------------------------------------
source /home/sergo/cms-phase2-muon-trigger/projects/dnn_emtf_displayed/top/top.sim/sim_1/synth/func/xsim/xsim.dir/top_tb_func_synth/webtalk/xsim_webtalk.tcl -notrace
