#-----------------------------------------------------------
# Vivado v2020.2 (64-bit)
# SW Build 3064766 on Wed Nov 18 09:12:47 MST 2020
# IP Build 3064653 on Wed Nov 18 14:17:31 MST 2020
# Start of session at: Mon Feb 20 22:49:55 2023
# Process ID: 99474
# Current directory: /home/sergo/cms-phase2-muon-trigger/projects/dnn_emtf_displayed/hdl/vhdl
# Command line: vivado
# Log file: /home/sergo/cms-phase2-muon-trigger/projects/dnn_emtf_displayed/hdl/vhdl/vivado.log
# Journal file: /home/sergo/cms-phase2-muon-trigger/projects/dnn_emtf_displayed/hdl/vhdl/vivado.jou
#-----------------------------------------------------------
start_gui
open_project /home/sergo/cms-phase2-muon-trigger/projects/dnn_emtf_displayed/top/top.xpr
reset_run synth_1
launch_runs synth_1 -jobs 16
wait_on_run synth_1
add_files -norecurse {/home/sergo/cms-phase2-muon-trigger/projects/dnn_emtf_displayed/hdl/emtf/emtf_core.src/services/core_params_axi.sv /home/sergo/cms-phase2-muon-trigger/projects/dnn_emtf_displayed/hdl/emtf/emtf_core.src/services/control_to_core_axi.sv /home/sergo/cms-phase2-muon-trigger/projects/dnn_emtf_displayed/hdl/emtf/emtf_core.src/services/mtf7_core_top.sv /home/sergo/cms-phase2-muon-trigger/projects/dnn_emtf_displayed/hdl/emtf/emtf_core.src/services/register_bank.sv /home/sergo/cms-phase2-muon-trigger/projects/dnn_emtf_displayed/hdl/emtf/emtf_core.src/services/inject_mem_axi.sv /home/sergo/cms-phase2-muon-trigger/projects/dnn_emtf_displayed/hdl/emtf/emtf_core.src/services/axi_or_mux.sv /home/sergo/cms-phase2-muon-trigger/projects/dnn_emtf_displayed/hdl/emtf/emtf_core.src/services/interfaces.sv}
reset_run synth_1
launch_runs synth_1 -jobs 16
wait_on_run synth_1
launch_runs impl_1 -jobs 16
wait_on_run impl_1
open_run impl_1
